0 verbose cli C:\Program Files\nodejs\node.exe C:\Program Files\nodejs\node_modules\npm\bin\npm-cli.js
1 info using npm@11.12.1
2 info using node@v24.15.0
3 silly config load:file:C:\Program Files\nodejs\node_modules\npm\npmrc
4 silly config load:file:C:\Users\mizo_\Documents\Trabajo\Personal\Multi-Ecommerce\.npmrc
5 silly config load:file:C:\Users\mizo_\.npmrc
6 silly config load:file:C:\Users\mizo_\Documents\Trabajo\Personal\Multi-Ecommerce\.tmp-appdata\npm\etc\npmrc
7 verbose title npm run build
8 verbose argv "run" "build"
9 verbose logfile logs-max:10 dir:C:\Users\mizo_\Documents\Trabajo\Personal\Multi-Ecommerce\.tmp-localappdata\npm-cache\_logs\2026-08-05T15_58_40_144Z-
10 verbose logfile C:\Users\mizo_\Documents\Trabajo\Personal\Multi-Ecommerce\.tmp-localappdata\npm-cache\_logs\2026-08-05T15_58_40_144Z-debug-0.log
11 silly logfile done cleaning log files
12 http fetch GET 200 https://registry.npmjs.org/npm 281ms
13 verbose cwd C:\Users\mizo_\Documents\Trabajo\Personal\Multi-Ecommerce
14 verbose os Windows_NT 10.0.26200
15 verbose node v24.15.0
16 verbose npm  v11.12.1
17 notice
17 notice New major version of npm available! 11.12.1 -> 12.0.2
17 notice Changelog: https://github.com/npm/cli/releases/tag/v12.0.2
17 notice To update run: npm install -g npm@12.0.2
17 notice  { force: true, Symbol(proc-log.meta): true }
18 verbose exit 0
19 info ok
